// Jest Snapshot v1, https://goo.gl/fbAQLP

exports[`<Overlay /> should render correctly 1`] = `
.c0 {
  position: absolute;
  top: 0;
  left: 0;
  height: 100%;
  width: 100%;
  background-color: rgba(0,0,0,0.75);
  z-index: 10;
  display: -webkit-box;
  display: -webkit-flex;
  display: -ms-flexbox;
  display: flex;
  -webkit-flex-direction: column;
  -ms-flex-direction: column;
  flex-direction: column;
  -webkit-box-pack: center;
  -webkit-justify-content: center;
  -ms-flex-pack: center;
  justify-content: center;
  text-align: center;
}

<Overlay>
  <styled.div>
    <StyledComponent
      forwardedClass={
        Object {
          "$$typeof": Symbol(react.forward_ref),
          "attrs": undefined,
          "componentStyle": ComponentStyle {
            "componentId": "sc-bdVaJa",
            "isStatic": true,
            "lastClassName": "c0",
            "rules": Array [
              "
  position: absolute;
  top: 0;
  left: 0;
  height: 100%;
  width: 100%;
  background-color: rgba(0,0,0,0.75);
  z-index: 10;
  display: flex;
  flex-direction: column;
  justify-content: center;
  text-align: center;
",
            ],
          },
          "displayName": "styled.div",
          "render": [Function],
          "styledComponentId": "sc-bdVaJa",
          "target": "div",
          "warnTooManyClasses": [Function],
          "withComponent": [Function],
        }
      }
      forwardedRef={null}
    >
      <div
        className="c0"
      >
        <h1>
          one
        </h1>
        <p>
          two
        </p>
      </div>
    </StyledComponent>
  </styled.div>
</Overlay>
`;
