// Jest Snapshot v1, https://goo.gl/fbAQLP

exports[`<LinkButton /> should render correctly 1`] = `
ShallowWrapper {
  Symbol(enzyme.__root__): [Circular],
  Symbol(enzyme.__unrendered__): <LinkButton>
    Test
  </LinkButton>,
  Symbol(enzyme.__renderer__): Object {
    "batchedUpdates": [Function],
    "getNode": [Function],
    "render": [Function],
    "simulateError": [Function],
    "simulateEvent": [Function],
    "unmount": [Function],
  },
  Symbol(enzyme.__node__): Object {
    "instance": null,
    "key": undefined,
    "nodeType": "function",
    "props": Object {
      "children": "Test",
    },
    "ref": null,
    "rendered": "Test",
    "type": Object {
      "$$typeof": Symbol(react.forward_ref),
      "attrs": undefined,
      "componentStyle": ComponentStyle {
        "componentId": "sc-bdVaJa",
        "isStatic": true,
        "rules": Array [
          "
  background-color: transparent;
  border: none;
  cursor: pointer;
  font: inherit;
  text-decoration: underline;
  display: inline;
  margin: 0;
  padding: 0;
  &:hover,
  &:focus {
    text-decoration: none;
  }
",
        ],
      },
      "displayName": "styled.button",
      "render": [Function],
      "styledComponentId": "sc-bdVaJa",
      "target": "button",
      "warnTooManyClasses": [Function],
      "withComponent": [Function],
    },
  },
  Symbol(enzyme.__nodes__): Array [
    Object {
      "instance": null,
      "key": undefined,
      "nodeType": "function",
      "props": Object {
        "children": "Test",
      },
      "ref": null,
      "rendered": "Test",
      "type": Object {
        "$$typeof": Symbol(react.forward_ref),
        "attrs": undefined,
        "componentStyle": ComponentStyle {
          "componentId": "sc-bdVaJa",
          "isStatic": true,
          "rules": Array [
            "
  background-color: transparent;
  border: none;
  cursor: pointer;
  font: inherit;
  text-decoration: underline;
  display: inline;
  margin: 0;
  padding: 0;
  &:hover,
  &:focus {
    text-decoration: none;
  }
",
          ],
        },
        "displayName": "styled.button",
        "render": [Function],
        "styledComponentId": "sc-bdVaJa",
        "target": "button",
        "warnTooManyClasses": [Function],
        "withComponent": [Function],
      },
    },
  ],
  Symbol(enzyme.__options__): Object {
    "adapter": ReactSixteenAdapter {
      "options": Object {
        "enableComponentDidUpdateOnSetState": true,
        "lifecycles": Object {
          "componentDidUpdate": Object {
            "onSetState": true,
          },
          "getDerivedStateFromProps": true,
          "getSnapshotBeforeUpdate": true,
          "setState": Object {
            "skipsComponentDidUpdateOnNullish": true,
          },
        },
      },
    },
  },
}
`;
